// Jest Snapshot v1, https://goo.gl/fbAQLP

exports[`Should ReviewsTab render correctly 1`] = `
<div>
  Loading...
</div>
`;
