// Jest Snapshot v1, https://goo.gl/fbAQLP

exports[`Render connected to store component Should App connected to store render correctly 1`] = `
<div>
  Loading...
</div>
`;
